This is pdfTeX, Version 3.141592653-2.6-1.40.24 (MiKTeX 22.1) (preloaded format=pdflatex 2026.4.16)  7 MAY 2026 19:58
entering extended mode
 restricted \write18 enabled.
 file:line:error style messages enabled.
 %&-line parsing enabled.
**"/Users/bhargav_vemparala/Documents/Analog Circuits/Course_project/main.tex"
(/Users/bhargav_vemparala/Documents/Analog Circuits/Course_project/main.tex
LaTeX2e <2025-11-01>
L3 programming layer <2026-03-20>
(IEEEtran.cls
Document Class: IEEEtran 2015/08/26 V1.8b by Michael Shell
-- See the "IEEEtran_HOWTO" manual for usage information.
-- http://www.michaelshell.org/tex/ieeetran/
\@IEEEtrantmpdimenA=\dimen150
\@IEEEtrantmpdimenB=\dimen151
\@IEEEtrantmpdimenC=\dimen152
\@IEEEtrantmpcountA=\count275
\@IEEEtrantmpcountB=\count276
\@IEEEtrantmpcountC=\count277
\@IEEEtrantmptoksA=\toks17
LaTeX Font Info:    Trying to load font information for OT1+ptm on input line 503.
(/Users/bhargav_vemparala/Library/Application Support/MiKTeX/texmfs/install/tex/latex/psnfss/ot1ptm.fd
File: ot1ptm.fd 2001/06/04 font definitions for OT1/ptm.
)
-- Using 8.5in x 11in (letter) paper.
-- Using PDF output.
\@IEEEnormalsizeunitybaselineskip=\dimen153
-- This is a 10 point document.
LaTeX Encoding Info:    Redeclaring text command \textunderscore (encoding ?) on input line 937.
\CLASSINFOnormalsizebaselineskip=\dimen154
\CLASSINFOnormalsizeunitybaselineskip=\dimen155
\IEEEnormaljot=\dimen156
LaTeX Font Info:    Font shape `OT1/ptm/bx/n' in size <5> not available
(Font)              Font shape `OT1/ptm/b/n' tried instead on input line 1090.
LaTeX Font Info:    Font shape `OT1/ptm/bx/it' in size <5> not available
(Font)              Font shape `OT1/ptm/b/it' tried instead on input line 1090.
LaTeX Font Info:    Font shape `OT1/ptm/bx/n' in size <7> not available
(Font)              Font shape `OT1/ptm/b/n' tried instead on input line 1090.
LaTeX Font Info:    Font shape `OT1/ptm/bx/it' in size <7> not available
(Font)              Font shape `OT1/ptm/b/it' tried instead on input line 1090.
LaTeX Font Info:    Font shape `OT1/ptm/bx/n' in size <8> not available
(Font)              Font shape `OT1/ptm/b/n' tried instead on input line 1090.
LaTeX Font Info:    Font shape `OT1/ptm/bx/it' in size <8> not available
(Font)              Font shape `OT1/ptm/b/it' tried instead on input line 1090.
LaTeX Font Info:    Font shape `OT1/ptm/bx/n' in size <9> not available
(Font)              Font shape `OT1/ptm/b/n' tried instead on input line 1090.
LaTeX Font Info:    Font shape `OT1/ptm/bx/it' in size <9> not available
(Font)              Font shape `OT1/ptm/b/it' tried instead on input line 1090.
LaTeX Font Info:    Font shape `OT1/ptm/bx/n' in size <10> not available
(Font)              Font shape `OT1/ptm/b/n' tried instead on input line 1090.
LaTeX Font Info:    Font shape `OT1/ptm/bx/it' in size <10> not available
(Font)              Font shape `OT1/ptm/b/it' tried instead on input line 1090.
LaTeX Font Info:    Font shape `OT1/ptm/bx/n' in size <11> not available
(Font)              Font shape `OT1/ptm/b/n' tried instead on input line 1090.
LaTeX Font Info:    Font shape `OT1/ptm/bx/it' in size <11> not available
(Font)              Font shape `OT1/ptm/b/it' tried instead on input line 1090.
LaTeX Font Info:    Font shape `OT1/ptm/bx/n' in size <12> not available
(Font)              Font shape `OT1/ptm/b/n' tried instead on input line 1090.
LaTeX Font Info:    Font shape `OT1/ptm/bx/it' in size <12> not available
(Font)              Font shape `OT1/ptm/b/it' tried instead on input line 1090.
LaTeX Font Info:    Font shape `OT1/ptm/bx/n' in size <17> not available
(Font)              Font shape `OT1/ptm/b/n' tried instead on input line 1090.
LaTeX Font Info:    Font shape `OT1/ptm/bx/it' in size <17> not available
(Font)              Font shape `OT1/ptm/b/it' tried instead on input line 1090.
LaTeX Font Info:    Font shape `OT1/ptm/bx/n' in size <20> not available
(Font)              Font shape `OT1/ptm/b/n' tried instead on input line 1090.
LaTeX Font Info:    Font shape `OT1/ptm/bx/it' in size <20> not available
(Font)              Font shape `OT1/ptm/b/it' tried instead on input line 1090.
LaTeX Font Info:    Font shape `OT1/ptm/bx/n' in size <24> not available
(Font)              Font shape `OT1/ptm/b/n' tried instead on input line 1090.
LaTeX Font Info:    Font shape `OT1/ptm/bx/it' in size <24> not available
(Font)              Font shape `OT1/ptm/b/it' tried instead on input line 1090.
\IEEEquantizedlength=\dimen157
\IEEEquantizedlengthdiff=\dimen158
\IEEEquantizedtextheightdiff=\dimen159
\IEEEilabelindentA=\dimen160
\IEEEilabelindentB=\dimen161
\IEEEilabelindent=\dimen162
\IEEEelabelindent=\dimen163
\IEEEdlabelindent=\dimen164
\IEEElabelindent=\dimen165
\IEEEiednormlabelsep=\dimen166
\IEEEiedmathlabelsep=\dimen167
\IEEEiedtopsep=\skip49
\c@section=\count278
\c@subsection=\count279
\c@subsubsection=\count280
\c@paragraph=\count281
\c@IEEEsubequation=\count282
\abovecaptionskip=\skip50
\belowcaptionskip=\skip51
\c@figure=\count283
\c@table=\count284
\@IEEEeqnnumcols=\count285
\@IEEEeqncolcnt=\count286
\@IEEEsubeqnnumrollback=\count287
\@IEEEquantizeheightA=\dimen168
\@IEEEquantizeheightB=\dimen169
\@IEEEquantizeheightC=\dimen170
\@IEEEquantizeprevdepth=\dimen171
\@IEEEquantizemultiple=\count288
\@IEEEquantizeboxA=\box53
\@IEEEtmpitemindent=\dimen172
\IEEEPARstartletwidth=\dimen173
\c@IEEEbiography=\count289
\@IEEEtranrubishbin=\box54
)
** ATTENTION: Overriding command lockouts (line 3).
(/Users/bhargav_vemparala/Library/Application Support/MiKTeX/texmfs/install/tex/latex/cite/cite.sty
LaTeX Info: Redefining \cite on input line 302.
LaTeX Info: Redefining \nocite on input line 332.
Package: cite 2015/02/27  v 5.5
) (/Users/bhargav_vemparala/Library/Application Support/MiKTeX/texmfs/install/tex/latex/amsmath/amsmath.sty
Package: amsmath 2025/07/09 v2.17z AMS math features
\@mathmargin=\skip52

For additional information on amsmath, use the `?' option.
(/Users/bhargav_vemparala/Library/Application Support/MiKTeX/texmfs/install/tex/latex/amsmath/amstext.sty
Package: amstext 2024/11/17 v2.01 AMS text
 (/Users/bhargav_vemparala/Library/Application Support/MiKTeX/texmfs/install/tex/latex/amsmath/amsgen.sty
File: amsgen.sty 1999/11/30 v2.0 generic functions
\@emptytoks=\toks18
\ex@=\dimen174
)) (/Users/bhargav_vemparala/Library/Application Support/MiKTeX/texmfs/install/tex/latex/amsmath/amsbsy.sty
Package: amsbsy 1999/11/29 v1.2d Bold Symbols
\pmbraise@=\dimen175
) (/Users/bhargav_vemparala/Library/Application Support/MiKTeX/texmfs/install/tex/latex/amsmath/amsopn.sty
Package: amsopn 2022/04/08 v2.04 operator names
)
\inf@bad=\count290
LaTeX Info: Redefining \frac on input line 233.
\uproot@=\count291
\leftroot@=\count292
LaTeX Info: Redefining \overline on input line 398.
LaTeX Info: Redefining \colon on input line 409.
\classnum@=\count293
\DOTSCASE@=\count294
LaTeX Info: Redefining \ldots on input line 495.
LaTeX Info: Redefining \dots on input line 498.
LaTeX Info: Redefining \cdots on input line 619.
\Mathstrutbox@=\box55
\strutbox@=\box56
LaTeX Info: Redefining \big on input line 721.
LaTeX Info: Redefining \Big on input line 722.
LaTeX Info: Redefining \bigg on input line 723.
LaTeX Info: Redefining \Bigg on input line 724.
\big@size=\dimen176
LaTeX Font Info:    Redeclaring font encoding OML on input line 742.
LaTeX Font Info:    Redeclaring font encoding OMS on input line 743.
\macc@depth=\count295
LaTeX Info: Redefining \bmod on input line 904.
LaTeX Info: Redefining \pmod on input line 909.
LaTeX Info: Redefining \smash on input line 939.
LaTeX Info: Redefining \relbar on input line 969.
LaTeX Info: Redefining \Relbar on input line 970.
\c@MaxMatrixCols=\count296
\dotsspace@=\muskip17
\c@parentequation=\count297
\dspbrk@lvl=\count298
\tag@help=\toks19
\row@=\count299
\column@=\count300
\maxfields@=\count301
\andhelp@=\toks20
\eqnshift@=\dimen177
\alignsep@=\dimen178
\tagshift@=\dimen179
\tagwidth@=\dimen180
\totwidth@=\dimen181
\lineht@=\dimen182
\@envbody=\toks21
\multlinegap=\skip53
\multlinetaggap=\skip54
\mathdisplay@stack=\toks22
LaTeX Info: Redefining \[ on input line 2950.
LaTeX Info: Redefining \] on input line 2951.
) (/Users/bhargav_vemparala/Library/Application Support/MiKTeX/texmfs/install/tex/latex/amsfonts/amssymb.sty
Package: amssymb 2013/01/14 v3.01 AMS font symbols
 (/Users/bhargav_vemparala/Library/Application Support/MiKTeX/texmfs/install/tex/latex/amsfonts/amsfonts.sty
Package: amsfonts 2013/01/14 v3.01 Basic AMSFonts support
\symAMSa=\mathgroup4
\symAMSb=\mathgroup5
LaTeX Font Info:    Redeclaring math symbol \hbar on input line 98.
LaTeX Font Info:    Overwriting math alphabet `\mathfrak' in version `bold'
(Font)                  U/euf/m/n --> U/euf/b/n on input line 106.
)) (/Users/bhargav_vemparala/Library/Application Support/MiKTeX/texmfs/install/tex/latex/algorithms/algorithmic.sty
Package: algorithmic 2009/08/24 v0.1 Document Style `algorithmic'
 (/Users/bhargav_vemparala/Library/Application Support/MiKTeX/texmfs/install/tex/latex/base/ifthen.sty
Package: ifthen 2024/03/16 v1.1e Standard LaTeX ifthen package (DPC)
) (/Users/bhargav_vemparala/Library/Application Support/MiKTeX/texmfs/install/tex/latex/graphics/keyval.sty
Package: keyval 2022/05/29 v1.15 key=value parser (DPC)
\KV@toks@=\toks23
)
\c@ALC@unique=\count302
\c@ALC@line=\count303
\c@ALC@rem=\count304
\c@ALC@depth=\count305
\ALC@tlm=\skip55
\algorithmicindent=\skip56
) (/Users/bhargav_vemparala/Library/Application Support/MiKTeX/texmfs/install/tex/latex/graphics/graphicx.sty
Package: graphicx 2024/12/31 v1.2e Enhanced LaTeX Graphics (DPC,SPQR)
 (/Users/bhargav_vemparala/Library/Application Support/MiKTeX/texmfs/install/tex/latex/graphics/graphics.sty
Package: graphics 2024/08/06 v1.4g Standard LaTeX Graphics (DPC,SPQR)
 (/Users/bhargav_vemparala/Library/Application Support/MiKTeX/texmfs/install/tex/latex/graphics/trig.sty
Package: trig 2023/12/02 v1.11 sin cos tan (DPC)
) (/Users/bhargav_vemparala/Library/Application Support/MiKTeX/texmfs/install/tex/latex/graphics-cfg/graphics.cfg
File: graphics.cfg 2016/06/04 v1.11 sample graphics configuration
)
Package graphics Info: Driver file: pdftex.def on input line 106.
 (/Users/bhargav_vemparala/Library/Application Support/MiKTeX/texmfs/install/tex/latex/graphics-def/pdftex.def
File: pdftex.def 2025/09/29 v1.2d Graphics/color driver for pdftex
))
\Gin@req@height=\dimen183
\Gin@req@width=\dimen184
) (/Users/bhargav_vemparala/Library/Application Support/MiKTeX/texmfs/install/tex/latex/base/textcomp.sty
Package: textcomp 2024/04/24 v2.1b Standard LaTeX package
) (/Users/bhargav_vemparala/Library/Application Support/MiKTeX/texmfs/install/tex/latex/xcolor/xcolor.sty
Package: xcolor 2024/09/29 v3.02 LaTeX color extensions (UK)
 (/Users/bhargav_vemparala/Library/Application Support/MiKTeX/texmfs/install/tex/latex/graphics-cfg/color.cfg
File: color.cfg 2016/01/02 v1.6 sample color configuration
)
Package xcolor Info: Driver file: pdftex.def on input line 274.
 (/Users/bhargav_vemparala/Library/Application Support/MiKTeX/texmfs/install/tex/latex/graphics/mathcolor.ltx)
Package xcolor Info: Model `cmy' substituted by `cmy0' on input line 1349.
Package xcolor Info: Model `hsb' substituted by `rgb' on input line 1353.
Package xcolor Info: Model `RGB' extended on input line 1365.
Package xcolor Info: Model `HTML' substituted by `rgb' on input line 1367.
Package xcolor Info: Model `Hsb' substituted by `hsb' on input line 1368.
Package xcolor Info: Model `tHsb' substituted by `hsb' on input line 1369.
Package xcolor Info: Model `HSB' substituted by `hsb' on input line 1370.
Package xcolor Info: Model `Gray' substituted by `gray' on input line 1371.
Package xcolor Info: Model `wave' substituted by `hsb' on input line 1372.
) (/Users/bhargav_vemparala/Library/Application Support/MiKTeX/texmfs/install/tex/latex/booktabs/booktabs.sty
Package: booktabs 2020/01/12 v1.61803398 Publication quality tables
\heavyrulewidth=\dimen185
\lightrulewidth=\dimen186
\cmidrulewidth=\dimen187
\belowrulesep=\dimen188
\belowbottomsep=\dimen189
\aboverulesep=\dimen190
\abovetopsep=\dimen191
\cmidrulesep=\dimen192
\cmidrulekern=\dimen193
\defaultaddspace=\dimen194
\@cmidla=\count306
\@cmidlb=\count307
\@aboverulesep=\dimen195
\@belowrulesep=\dimen196
\@thisruleclass=\count308
\@lastruleclass=\count309
\@thisrulewidth=\dimen197
) (/Users/bhargav_vemparala/Library/Application Support/MiKTeX/texmfs/install/tex/latex/tools/array.sty
Package: array 2025/09/25 v2.6n Tabular extension package (FMi)
\col@sep=\dimen198
\ar@mcellbox=\box57
\extrarowheight=\dimen199
\NC@list=\toks24
\extratabsurround=\skip57
\backup@length=\skip58
\ar@cellbox=\box58
) (/Users/bhargav_vemparala/Library/Application Support/MiKTeX/texmfs/install/tex/latex/float/float.sty
Package: float 2001/11/08 v1.3d Float enhancements (AL)
\c@float@type=\count310
\float@exts=\toks25
\float@box=\box59
\@float@everytoks=\toks26
\@floatcapt=\box60
) (/Users/bhargav_vemparala/Library/Application Support/MiKTeX/texmfs/install/tex/latex/caption/subcaption.sty
Package: subcaption 2023/07/28 v1.6b Sub-captions (AR)
 (/Users/bhargav_vemparala/Library/Application Support/MiKTeX/texmfs/install/tex/latex/caption/caption.sty
Package: caption 2023/08/05 v3.6o Customizing captions (AR)
 (/Users/bhargav_vemparala/Library/Application Support/MiKTeX/texmfs/install/tex/latex/caption/caption3.sty
Package: caption3 2023/07/31 v2.4d caption3 kernel (AR)
\caption@tempdima=\dimen256
\captionmargin=\dimen257
\caption@leftmargin=\dimen258
\caption@rightmargin=\dimen259
\caption@width=\dimen260
\caption@indent=\dimen261
\caption@parindent=\dimen262
\caption@hangindent=\dimen263
Package caption Info: Unknown document class (or package),
(caption)             standard defaults will be used.
Package caption Info: \@makecaption = \long macro:#1#2->\ifx \@captype \@IEEEtablestring \footnotesize \bgroup \par \centering \@IEEEtabletopskipstrut {\normalfont \footnotesize #1}\\{\normalfont \footnotesize \scshape #2}\par \addvspace {0.5\baselineskip }\egroup \@IEEEtablecaptionsepspace \else \@IEEEfigurecaptionsepspace \setbox \@tempboxa \hbox {\normalfont \footnotesize {#1.}\nobreakspace \nobreakspace #2}\ifdim \wd \@tempboxa >\hsize \setbox \@tempboxa \hbox {\normalfont \footnotesize {#1.}\nobreakspace \nobreakspace }\parbox [t]{\hsize }{\normalfont \footnotesize \noindent \unhbox \@tempboxa #2}\else \ifCLASSOPTIONconference \hbox to\hsize {\normalfont \footnotesize \hfil \box \@tempboxa \hfil }\else \hbox to\hsize {\normalfont \footnotesize \box \@tempboxa \hfil }\fi \fi \fi  on input line 1175.
)

Package caption Warning: Unknown document class (or package),
(caption)                standard defaults will be used.
See the caption package documentation for explanation.

\c@caption@flags=\count311
\c@continuedfloat=\count312
Package caption Info: float package is loaded.
)
Package caption Info: New subtype `subfigure' on input line 238.
\c@subfigure=\count313
Package caption Info: New subtype `subtable' on input line 238.
\c@subtable=\count314
) (/Users/bhargav_vemparala/Library/Application Support/MiKTeX/texmfs/install/tex/latex/circuitikz/circuitikz.sty
Package: circuitikz 2026/02/04{} The CircuiTikz circuit drawing package version 1.8.5
 (/Users/bhargav_vemparala/Library/Application Support/MiKTeX/texmfs/install/tex/latex/pgf/frontendlayer/tikz.sty (/Users/bhargav_vemparala/Library/Application Support/MiKTeX/texmfs/install/tex/latex/pgf/basiclayer/pgf.sty (/Users/bhargav_vemparala/Library/Application Support/MiKTeX/texmfs/install/tex/latex/pgf/utilities/pgfrcs.sty (/Users/bhargav_vemparala/Library/Application Support/MiKTeX/texmfs/install/tex/generic/pgf/utilities/pgfutil-common.tex
\pgfutil@everybye=\toks27
\pgfutil@tempdima=\dimen264
\pgfutil@tempdimb=\dimen265
) (/Users/bhargav_vemparala/Library/Application Support/MiKTeX/texmfs/install/tex/generic/pgf/utilities/pgfutil-latex.def
\pgfutil@abb=\box61
) (/Users/bhargav_vemparala/Library/Application Support/MiKTeX/texmfs/install/tex/generic/pgf/utilities/pgfrcs.code.tex (/Users/bhargav_vemparala/Library/Application Support/MiKTeX/texmfs/install/tex/generic/pgf/pgf.revision.tex)
Package: pgfrcs 2025-08-29 v3.1.11a (3.1.11a)
))
Package: pgf 2025-08-29 v3.1.11a (3.1.11a)
 (/Users/bhargav_vemparala/Library/Application Support/MiKTeX/texmfs/install/tex/latex/pgf/basiclayer/pgfcore.sty (/Users/bhargav_vemparala/Library/Application Support/MiKTeX/texmfs/install/tex/latex/pgf/systemlayer/pgfsys.sty (/Users/bhargav_vemparala/Library/Application Support/MiKTeX/texmfs/install/tex/generic/pgf/systemlayer/pgfsys.code.tex
Package: pgfsys 2025-08-29 v3.1.11a (3.1.11a)
 (/Users/bhargav_vemparala/Library/Application Support/MiKTeX/texmfs/install/tex/generic/pgf/utilities/pgfkeys.code.tex
\pgfkeys@pathtoks=\toks28
\pgfkeys@temptoks=\toks29
 (/Users/bhargav_vemparala/Library/Application Support/MiKTeX/texmfs/install/tex/generic/pgf/utilities/pgfkeyslibraryfiltered.code.tex
\pgfkeys@tmptoks=\toks30
))
\pgf@x=\dimen266
\pgf@y=\dimen267
\pgf@xa=\dimen268
\pgf@ya=\dimen269
\pgf@xb=\dimen270
\pgf@yb=\dimen271
\pgf@xc=\dimen272
\pgf@yc=\dimen273
\pgf@xd=\dimen274
\pgf@yd=\dimen275
\w@pgf@writea=\write3
\r@pgf@reada=\read2
\c@pgf@counta=\count315
\c@pgf@countb=\count316
\c@pgf@countc=\count317
\c@pgf@countd=\count318
\t@pgf@toka=\toks31
\t@pgf@tokb=\toks32
\t@pgf@tokc=\toks33
\pgf@sys@id@count=\count319
 (/Users/bhargav_vemparala/Library/Application Support/MiKTeX/texmfs/install/tex/generic/pgf/systemlayer/pgf.cfg
File: pgf.cfg 2025-08-29 v3.1.11a (3.1.11a)
)
Driver file for pgf: pgfsys-pdftex.def
 (/Users/bhargav_vemparala/Library/Application Support/MiKTeX/texmfs/install/tex/generic/pgf/systemlayer/pgfsys-pdftex.def
File: pgfsys-pdftex.def 2025-08-29 v3.1.11a (3.1.11a)
 (/Users/bhargav_vemparala/Library/Application Support/MiKTeX/texmfs/install/tex/generic/pgf/systemlayer/pgfsys-common-pdf.def
File: pgfsys-common-pdf.def 2025-08-29 v3.1.11a (3.1.11a)
))) (/Users/bhargav_vemparala/Library/Application Support/MiKTeX/texmfs/install/tex/generic/pgf/systemlayer/pgfsyssoftpath.code.tex
File: pgfsyssoftpath.code.tex 2025-08-29 v3.1.11a (3.1.11a)
\pgfsyssoftpath@smallbuffer@items=\count320
\pgfsyssoftpath@bigbuffer@items=\count321
) (/Users/bhargav_vemparala/Library/Application Support/MiKTeX/texmfs/install/tex/generic/pgf/systemlayer/pgfsysprotocol.code.tex
File: pgfsysprotocol.code.tex 2025-08-29 v3.1.11a (3.1.11a)
)) (/Users/bhargav_vemparala/Library/Application Support/MiKTeX/texmfs/install/tex/generic/pgf/basiclayer/pgfcore.code.tex
Package: pgfcore 2025-08-29 v3.1.11a (3.1.11a)
 (/Users/bhargav_vemparala/Library/Application Support/MiKTeX/texmfs/install/tex/generic/pgf/math/pgfmath.code.tex (/Users/bhargav_vemparala/Library/Application Support/MiKTeX/texmfs/install/tex/generic/pgf/math/pgfmathutil.code.tex) (/Users/bhargav_vemparala/Library/Application Support/MiKTeX/texmfs/install/tex/generic/pgf/math/pgfmathparser.code.tex
\pgfmath@dimen=\dimen276
\pgfmath@count=\count322
\pgfmath@box=\box62
\pgfmath@toks=\toks34
\pgfmath@stack@operand=\toks35
\pgfmath@stack@operation=\toks36
) (/Users/bhargav_vemparala/Library/Application Support/MiKTeX/texmfs/install/tex/generic/pgf/math/pgfmathfunctions.code.tex) (/Users/bhargav_vemparala/Library/Application Support/MiKTeX/texmfs/install/tex/generic/pgf/math/pgfmathfunctions.basic.code.tex) (/Users/bhargav_vemparala/Library/Application Support/MiKTeX/texmfs/install/tex/generic/pgf/math/pgfmathfunctions.trigonometric.code.tex) (/Users/bhargav_vemparala/Library/Application Support/MiKTeX/texmfs/install/tex/generic/pgf/math/pgfmathfunctions.random.code.tex) (/Users/bhargav_vemparala/Library/Application Support/MiKTeX/texmfs/install/tex/generic/pgf/math/pgfmathfunctions.comparison.code.tex) (/Users/bhargav_vemparala/Library/Application Support/MiKTeX/texmfs/install/tex/generic/pgf/math/pgfmathfunctions.base.code.tex) (/Users/bhargav_vemparala/Library/Application Support/MiKTeX/texmfs/install/tex/generic/pgf/math/pgfmathfunctions.round.code.tex) (/Users/bhargav_vemparala/Library/Application Support/MiKTeX/texmfs/install/tex/generic/pgf/math/pgfmathfunctions.misc.code.tex) (/Users/bhargav_vemparala/Library/Application Support/MiKTeX/texmfs/install/tex/generic/pgf/math/pgfmathfunctions.integerarithmetics.code.tex) (/Users/bhargav_vemparala/Library/Application Support/MiKTeX/texmfs/install/tex/generic/pgf/math/pgfmathcalc.code.tex) (/Users/bhargav_vemparala/Library/Application Support/MiKTeX/texmfs/install/tex/generic/pgf/math/pgfmathfloat.code.tex
\c@pgfmathroundto@lastzeros=\count323
)) (/Users/bhargav_vemparala/Library/Application Support/MiKTeX/texmfs/install/tex/generic/pgf/math/pgfint.code.tex) (/Users/bhargav_vemparala/Library/Application Support/MiKTeX/texmfs/install/tex/generic/pgf/basiclayer/pgfcorepoints.code.tex
File: pgfcorepoints.code.tex 2025-08-29 v3.1.11a (3.1.11a)
\pgf@picminx=\dimen277
\pgf@picmaxx=\dimen278
\pgf@picminy=\dimen279
\pgf@picmaxy=\dimen280
\pgf@pathminx=\dimen281
\pgf@pathmaxx=\dimen282
\pgf@pathminy=\dimen283
\pgf@pathmaxy=\dimen284
\pgf@xx=\dimen285
\pgf@xy=\dimen286
\pgf@yx=\dimen287
\pgf@yy=\dimen288
\pgf@zx=\dimen289
\pgf@zy=\dimen290
) (/Users/bhargav_vemparala/Library/Application Support/MiKTeX/texmfs/install/tex/generic/pgf/basiclayer/pgfcorepathconstruct.code.tex
File: pgfcorepathconstruct.code.tex 2025-08-29 v3.1.11a (3.1.11a)
\pgf@path@lastx=\dimen291
\pgf@path@lasty=\dimen292
) (/Users/bhargav_vemparala/Library/Application Support/MiKTeX/texmfs/install/tex/generic/pgf/basiclayer/pgfcorepathusage.code.tex
File: pgfcorepathusage.code.tex 2025-08-29 v3.1.11a (3.1.11a)
\pgf@shorten@end@additional=\dimen293
\pgf@shorten@start@additional=\dimen294
) (/Users/bhargav_vemparala/Library/Application Support/MiKTeX/texmfs/install/tex/generic/pgf/basiclayer/pgfcorescopes.code.tex
File: pgfcorescopes.code.tex 2025-08-29 v3.1.11a (3.1.11a)
\pgfpic=\box63
\pgf@hbox=\box64
\pgf@layerbox@main=\box65
\pgf@picture@serial@count=\count324
) (/Users/bhargav_vemparala/Library/Application Support/MiKTeX/texmfs/install/tex/generic/pgf/basiclayer/pgfcoregraphicstate.code.tex
File: pgfcoregraphicstate.code.tex 2025-08-29 v3.1.11a (3.1.11a)
\pgflinewidth=\dimen295
) (/Users/bhargav_vemparala/Library/Application Support/MiKTeX/texmfs/install/tex/generic/pgf/basiclayer/pgfcoretransformations.code.tex
File: pgfcoretransformations.code.tex 2025-08-29 v3.1.11a (3.1.11a)
\pgf@pt@x=\dimen296
\pgf@pt@y=\dimen297
\pgf@pt@temp=\dimen298
) (/Users/bhargav_vemparala/Library/Application Support/MiKTeX/texmfs/install/tex/generic/pgf/basiclayer/pgfcorequick.code.tex
File: pgfcorequick.code.tex 2025-08-29 v3.1.11a (3.1.11a)
) (/Users/bhargav_vemparala/Library/Application Support/MiKTeX/texmfs/install/tex/generic/pgf/basiclayer/pgfcoreobjects.code.tex
File: pgfcoreobjects.code.tex 2025-08-29 v3.1.11a (3.1.11a)
) (/Users/bhargav_vemparala/Library/Application Support/MiKTeX/texmfs/install/tex/generic/pgf/basiclayer/pgfcorepathprocessing.code.tex
File: pgfcorepathprocessing.code.tex 2025-08-29 v3.1.11a (3.1.11a)
) (/Users/bhargav_vemparala/Library/Application Support/MiKTeX/texmfs/install/tex/generic/pgf/basiclayer/pgfcorearrows.code.tex
File: pgfcorearrows.code.tex 2025-08-29 v3.1.11a (3.1.11a)
\pgfarrowsep=\dimen299
) (/Users/bhargav_vemparala/Library/Application Support/MiKTeX/texmfs/install/tex/generic/pgf/basiclayer/pgfcoreshade.code.tex
File: pgfcoreshade.code.tex 2025-08-29 v3.1.11a (3.1.11a)
\pgf@max=\dimen300
\pgf@sys@shading@range@num=\count325
\pgf@shadingcount=\count326
) (/Users/bhargav_vemparala/Library/Application Support/MiKTeX/texmfs/install/tex/generic/pgf/basiclayer/pgfcoreimage.code.tex
File: pgfcoreimage.code.tex 2025-08-29 v3.1.11a (3.1.11a)
) (/Users/bhargav_vemparala/Library/Application Support/MiKTeX/texmfs/install/tex/generic/pgf/basiclayer/pgfcoreexternal.code.tex
File: pgfcoreexternal.code.tex 2025-08-29 v3.1.11a (3.1.11a)
\pgfexternal@startupbox=\box66
) (/Users/bhargav_vemparala/Library/Application Support/MiKTeX/texmfs/install/tex/generic/pgf/basiclayer/pgfcorelayers.code.tex
File: pgfcorelayers.code.tex 2025-08-29 v3.1.11a (3.1.11a)
) (/Users/bhargav_vemparala/Library/Application Support/MiKTeX/texmfs/install/tex/generic/pgf/basiclayer/pgfcoretransparency.code.tex
File: pgfcoretransparency.code.tex 2025-08-29 v3.1.11a (3.1.11a)
) (/Users/bhargav_vemparala/Library/Application Support/MiKTeX/texmfs/install/tex/generic/pgf/basiclayer/pgfcorepatterns.code.tex
File: pgfcorepatterns.code.tex 2025-08-29 v3.1.11a (3.1.11a)
) (/Users/bhargav_vemparala/Library/Application Support/MiKTeX/texmfs/install/tex/generic/pgf/basiclayer/pgfcorerdf.code.tex
File: pgfcorerdf.code.tex 2025-08-29 v3.1.11a (3.1.11a)
))) (/Users/bhargav_vemparala/Library/Application Support/MiKTeX/texmfs/install/tex/generic/pgf/modules/pgfmoduleshapes.code.tex
File: pgfmoduleshapes.code.tex 2025-08-29 v3.1.11a (3.1.11a)
\pgfnodeparttextbox=\box67
) (/Users/bhargav_vemparala/Library/Application Support/MiKTeX/texmfs/install/tex/generic/pgf/modules/pgfmoduleplot.code.tex
File: pgfmoduleplot.code.tex 2025-08-29 v3.1.11a (3.1.11a)
) (/Users/bhargav_vemparala/Library/Application Support/MiKTeX/texmfs/install/tex/latex/pgf/compatibility/pgfcomp-version-0-65.sty
Package: pgfcomp-version-0-65 2025-08-29 v3.1.11a (3.1.11a)
\pgf@nodesepstart=\dimen301
\pgf@nodesepend=\dimen302
) (/Users/bhargav_vemparala/Library/Application Support/MiKTeX/texmfs/install/tex/latex/pgf/compatibility/pgfcomp-version-1-18.sty
Package: pgfcomp-version-1-18 2025-08-29 v3.1.11a (3.1.11a)
)) (/Users/bhargav_vemparala/Library/Application Support/MiKTeX/texmfs/install/tex/latex/pgf/utilities/pgffor.sty (/Users/bhargav_vemparala/Library/Application Support/MiKTeX/texmfs/install/tex/latex/pgf/utilities/pgfkeys.sty (/Users/bhargav_vemparala/Library/Application Support/MiKTeX/texmfs/install/tex/generic/pgf/utilities/pgfkeys.code.tex)) (/Users/bhargav_vemparala/Library/Application Support/MiKTeX/texmfs/install/tex/latex/pgf/math/pgfmath.sty (/Users/bhargav_vemparala/Library/Application Support/MiKTeX/texmfs/install/tex/generic/pgf/math/pgfmath.code.tex)) (/Users/bhargav_vemparala/Library/Application Support/MiKTeX/texmfs/install/tex/generic/pgf/utilities/pgffor.code.tex
Package: pgffor 2025-08-29 v3.1.11a (3.1.11a)
\pgffor@iter=\dimen303
\pgffor@skip=\dimen304
\pgffor@stack=\toks37
\pgffor@toks=\toks38
)) (/Users/bhargav_vemparala/Library/Application Support/MiKTeX/texmfs/install/tex/generic/pgf/frontendlayer/tikz/tikz.code.tex
Package: tikz 2025-08-29 v3.1.11a (3.1.11a)
 (/Users/bhargav_vemparala/Library/Application Support/MiKTeX/texmfs/install/tex/generic/pgf/libraries/pgflibraryplothandlers.code.tex
File: pgflibraryplothandlers.code.tex 2025-08-29 v3.1.11a (3.1.11a)
\pgf@plot@mark@count=\count327
\pgfplotmarksize=\dimen305
)
\tikz@lastx=\dimen306
\tikz@lasty=\dimen307
\tikz@lastxsaved=\dimen308
\tikz@lastysaved=\dimen309
\tikz@lastmovetox=\dimen310
\tikz@lastmovetoy=\dimen311
\tikzleveldistance=\dimen312
\tikzsiblingdistance=\dimen313
\tikz@figbox=\box68
\tikz@figbox@bg=\box69
\tikz@tempbox=\box70
\tikz@tempbox@bg=\box71
\tikztreelevel=\count328
\tikznumberofchildren=\count329
\tikznumberofcurrentchild=\count330
\tikz@fig@count=\count331
 (/Users/bhargav_vemparala/Library/Application Support/MiKTeX/texmfs/install/tex/generic/pgf/modules/pgfmodulematrix.code.tex
File: pgfmodulematrix.code.tex 2025-08-29 v3.1.11a (3.1.11a)
\pgfmatrixcurrentrow=\count332
\pgfmatrixcurrentcolumn=\count333
\pgf@matrix@numberofcolumns=\count334
)
\tikz@expandcount=\count335
 (/Users/bhargav_vemparala/Library/Application Support/MiKTeX/texmfs/install/tex/generic/pgf/frontendlayer/tikz/libraries/tikzlibrarytopaths.code.tex
File: tikzlibrarytopaths.code.tex 2025-08-29 v3.1.11a (3.1.11a)
))) (/Users/bhargav_vemparala/Library/Application Support/MiKTeX/texmfs/install/tex/generic/pgf/frontendlayer/tikz/libraries/tikzlibrarycalc.code.tex
File: tikzlibrarycalc.code.tex 2025-08-29 v3.1.11a (3.1.11a)
) (/Users/bhargav_vemparala/Library/Application Support/MiKTeX/texmfs/install/tex/generic/pgf/libraries/pgflibraryarrows.meta.code.tex
File: pgflibraryarrows.meta.code.tex 2025-08-29 v3.1.11a (3.1.11a)
\pgfarrowinset=\dimen314
\pgfarrowlength=\dimen315
\pgfarrowwidth=\dimen316
\pgfarrowlinewidth=\dimen317
) (/Users/bhargav_vemparala/Library/Application Support/MiKTeX/texmfs/install/tex/generic/pgf/frontendlayer/tikz/libraries/tikzlibrarybending.code.tex
File: tikzlibrarybending.code.tex 2025-08-29 v3.1.11a (3.1.11a)
 (/Users/bhargav_vemparala/Library/Application Support/MiKTeX/texmfs/install/tex/generic/pgf/modules/pgfmodulebending.code.tex
File: pgfmodulebending.code.tex 2025-08-29 v3.1.11a (3.1.11a)
 (/Users/bhargav_vemparala/Library/Application Support/MiKTeX/texmfs/install/tex/generic/pgf/modules/pgfmodulenonlineartransformations.code.tex
File: pgfmodulenonlineartransformations.code.tex 2025-08-29 v3.1.11a (3.1.11a)
\pgftransformnonlinearflatness=\dimen318
) (/Users/bhargav_vemparala/Library/Application Support/MiKTeX/texmfs/install/tex/generic/pgf/libraries/pgflibrarycurvilinear.code.tex
File: pgflibrarycurvilinear.code.tex 2025-08-29 v3.1.11a (3.1.11a)
\pgf@curvilinear@time@a=\dimen319
\pgf@curvilinear@length@a=\dimen320
\pgf@curvilinear@length@b=\dimen321
\pgf@curvilinear@length@c=\dimen322
\pgf@curvilinear@length@d=\dimen323
)
\pgf@arrows@the@rigidity=\dimen324
)) (/Users/bhargav_vemparala/Library/Application Support/MiKTeX/texmfs/install/tex/generic/pgf/frontendlayer/tikz/libraries/tikzlibraryfpu.code.tex (/Users/bhargav_vemparala/Library/Application Support/MiKTeX/texmfs/install/tex/generic/pgf/libraries/pgflibraryfpu.code.tex)) (/Users/bhargav_vemparala/Library/Application Support/MiKTeX/texmfs/install/tex/generic/circuitikz/pgfcirc.defines.tex
\pgf@circ@count@a=\count336
\pgf@circ@count@b=\count337
\pgf@circ@count@c=\count338
\pgf@circ@res@up=\dimen325
\pgf@circ@res@down=\dimen326
\pgf@circ@res@zero=\dimen327
\pgf@circ@res@left=\dimen328
\pgf@circ@res@right=\dimen329
\pgf@circ@res@other=\dimen330
\pgf@circ@res@step=\dimen331
\pgf@circ@res@temp=\dimen332
\pgf@circ@Rlen=\dimen333
\pgf@circ@scaled@Rlen=\dimen334
\pgfstartlinewidth=\dimen335
) (/Users/bhargav_vemparala/Library/Application Support/MiKTeX/texmfs/install/tex/generic/circuitikz/pgfcircutils.tex
\ctikz@scratchbox=\box72
) (/Users/bhargav_vemparala/Library/Application Support/MiKTeX/texmfs/install/tex/generic/circuitikz/pgfcircpath.tex
\ctikz@vif@count=\count339
) (/Users/bhargav_vemparala/Library/Application Support/MiKTeX/texmfs/install/tex/generic/circuitikz/pgfcircshapes.tex) (/Users/bhargav_vemparala/Library/Application Support/MiKTeX/texmfs/install/tex/generic/circuitikz/pgfcircmonopoles.tex) (/Users/bhargav_vemparala/Library/Application Support/MiKTeX/texmfs/install/tex/generic/circuitikz/pgfcircbipoles.tex)
(/Users/bhargav_vemparala/Library/Application Support/MiKTeX/texmfs/install/tex/generic/circuitikz/pgfcirctripoles.tex
\pgf@circ@res@count=\count340
) (/Users/bhargav_vemparala/Library/Application Support/MiKTeX/texmfs/install/tex/generic/circuitikz/pgfcircquadpoles.tex) (/Users/bhargav_vemparala/Library/Application Support/MiKTeX/texmfs/install/tex/generic/circuitikz/pgfcircmultipoles.tex) (/Users/bhargav_vemparala/Library/Application Support/MiKTeX/texmfs/install/tex/generic/circuitikz/pgfcirclabel.tex) (/Users/bhargav_vemparala/Library/Application Support/MiKTeX/texmfs/install/tex/generic/circuitikz/pgfcircvoltage.tex
\pgfcirc@labelshift=\dimen336
) (/Users/bhargav_vemparala/Library/Application Support/MiKTeX/texmfs/install/tex/generic/circuitikz/pgfcirccurrent.tex) (/Users/bhargav_vemparala/Library/Application Support/MiKTeX/texmfs/install/tex/generic/circuitikz/pgfcircflow.tex)) (/Users/bhargav_vemparala/Library/Application Support/MiKTeX/texmfs/install/tex/latex/l3backend/l3backend-pdftex.def
File: l3backend-pdftex.def 2026-02-18 L3 backend support: PDF output (pdfTeX)
\l__color_backend_stack_int=\count341
) (main.aux)
\openout1 = `main.aux'.

LaTeX Font Info:    Checking defaults for OML/cmm/m/it on input line 20.
LaTeX Font Info:    ... okay on input line 20.
LaTeX Font Info:    Checking defaults for OMS/cmsy/m/n on input line 20.
LaTeX Font Info:    ... okay on input line 20.
LaTeX Font Info:    Checking defaults for OT1/cmr/m/n on input line 20.
LaTeX Font Info:    ... okay on input line 20.
LaTeX Font Info:    Checking defaults for T1/cmr/m/n on input line 20.
LaTeX Font Info:    ... okay on input line 20.
LaTeX Font Info:    Checking defaults for TS1/cmr/m/n on input line 20.
LaTeX Font Info:    ... okay on input line 20.
LaTeX Font Info:    Checking defaults for OMX/cmex/m/n on input line 20.
LaTeX Font Info:    ... okay on input line 20.
LaTeX Font Info:    Checking defaults for U/cmr/m/n on input line 20.
LaTeX Font Info:    ... okay on input line 20.

-- Lines per column: 56 (exact).
(/Users/bhargav_vemparala/Library/Application Support/MiKTeX/texmfs/install/tex/context/base/mkii/supp-pdf.mkii
[Loading MPS to PDF converter (version 2006.09.02).]
\scratchcounter=\count342
\scratchdimen=\dimen337
\scratchbox=\box73
\nofMPsegments=\count343
\nofMParguments=\count344
\everyMPshowfont=\toks39
\MPscratchCnt=\count345
\MPscratchDim=\dimen338
\MPnumerator=\count346
\makeMPintoPDFobject=\count347
\everyMPtoPDFconversion=\toks40
) (/Users/bhargav_vemparala/Library/Application Support/MiKTeX/texmfs/install/tex/latex/epstopdf-pkg/epstopdf-base.sty
Package: epstopdf-base 2020-01-24 v2.11 Base part for package epstopdf
Package epstopdf-base Info: Redefining graphics rule for `.eps' on input line 485.
 (/Users/bhargav_vemparala/Library/Application Support/MiKTeX/texmfs/install/tex/latex/00miktex/epstopdf-sys.cfg
File: epstopdf-sys.cfg 2021/03/18 v2.0 Configuration of epstopdf for MiKTeX
))
Package caption Info: Begin \AtBeginDocument code.
Package caption Info: End \AtBeginDocument code.
LaTeX Font Info:    Trying to load font information for U+msa on input line 54.
 (/Users/bhargav_vemparala/Library/Application Support/MiKTeX/texmfs/install/tex/latex/amsfonts/umsa.fd
File: umsa.fd 2013/01/14 v3.01 AMS symbols A
)
LaTeX Font Info:    Trying to load font information for U+msb on input line 54.
 (/Users/bhargav_vemparala/Library/Application Support/MiKTeX/texmfs/install/tex/latex/amsfonts/umsb.fd
File: umsb.fd 2013/01/14 v3.01 AMS symbols B
)
Underfull \hbox (badness 6641) in paragraph at lines 67--68
 \OT1/ptm/m/it/10 1) Band-width Ef-fi-ciency: [][] \OT1/ptm/m/n/10 Mod-ern dig-i-tal mod-u-la-tion
 []




Overfull \hbox (4.11511pt too wide) detected at line 93
[]\OML/cmm/m/it/10 x[]\OT1/cmr/m/n/10 (\OML/cmm/m/it/10 t\OT1/cmr/m/n/10 ) = \OML/cmm/m/it/10 x\OT1/cmr/m/n/10 (\OML/cmm/m/it/10 t\OT1/cmr/m/n/10 ) \OMS/cmsy/m/n/10 ^^A []\OT1/cmr/m/n/10 (2\OML/cmm/m/it/10 ^^Yf[]t\OT1/cmr/m/n/10 ) = [][[](\OML/cmm/m/it/10 ^^^\OT1/cmr/m/n/10 (\OML/cmm/m/it/10 t\OT1/cmr/m/n/10 )) + [](4\OML/cmm/m/it/10 ^^Yf[]t \OT1/cmr/m/n/10 + \OML/cmm/m/it/10 ^^^\OT1/cmr/m/n/10 (\OML/cmm/m/it/10 t\OT1/cmr/m/n/10 ))]
 []


Overfull \hbox (20.21361pt too wide) detected at line 102
[]\OML/cmm/m/it/10 x[]\OT1/cmr/m/n/10 (\OML/cmm/m/it/10 t\OT1/cmr/m/n/10 ) = \OML/cmm/m/it/10 x\OT1/cmr/m/n/10 (\OML/cmm/m/it/10 t\OT1/cmr/m/n/10 ) \OMS/cmsy/m/n/10 ^^A \OT1/cmr/m/n/10 (\OMS/cmsy/m/n/10 ^^@ []\OT1/cmr/m/n/10 (2\OML/cmm/m/it/10 ^^Yf[]t\OT1/cmr/m/n/10 )) = [][[](\OML/cmm/m/it/10 ^^^\OT1/cmr/m/n/10 (\OML/cmm/m/it/10 t\OT1/cmr/m/n/10 )) \OMS/cmsy/m/n/10 ^^@ []\OT1/cmr/m/n/10 (4\OML/cmm/m/it/10 ^^Yf[]t \OT1/cmr/m/n/10 + \OML/cmm/m/it/10 ^^^\OT1/cmr/m/n/10 (\OML/cmm/m/it/10 t\OT1/cmr/m/n/10 ))]
 []



[1{/Users/bhargav_vemparala/Library/Application Support/MiKTeX/texmfs/data/fonts/map/pdftex/pdftex.map}


]
<images/quad_topo.png, id=19, 368.37625pt x 144.54pt>
File: images/quad_topo.png Graphic file (type png)
<use images/quad_topo.png>
Package pdftex.def Info: images/quad_topo.png  used on input line 124.
(pdftex.def)             Requested size: 252.0pt x 98.87695pt.

Underfull \hbox (badness 2799) in paragraph at lines 134--135
[]\OT1/ptm/b/n/10 Amplitude Con-sis-tency: \OT1/ptm/m/n/10 Stan-dard in-te-gra-tors' gain
 []





[2 <./images/quad_topo.png>]
<images/osc_ltspice.png, id=29, 848.16875pt x 618.31pt>
File: images/osc_ltspice.png Graphic file (type png)
<use images/osc_ltspice.png>
Package pdftex.def Info: images/osc_ltspice.png  used on input line 203.
(pdftex.def)             Requested size: 252.0pt x 183.70184pt.
<images/osc-outputs1.png, id=30, 1473.505pt x 808.01875pt>
File: images/osc-outputs1.png Graphic file (type png)
<use images/osc-outputs1.png>
Package pdftex.def Info: images/osc-outputs1.png  used on input line 210.
(pdftex.def)             Requested size: 252.0pt x 138.18744pt.
<images/osc-phase1.png, id=31, 1468.48625pt x 808.01875pt>
File: images/osc-phase1.png Graphic file (type png)
<use images/osc-phase1.png>
Package pdftex.def Info: images/osc-phase1.png  used on input line 218.
(pdftex.def)             Requested size: 247.6778pt x 136.27638pt.
<images/osc-phase2.png, id=32, 1473.505pt x 809.0225pt>
File: images/osc-phase2.png Graphic file (type png)
<use images/osc-phase2.png>
Package pdftex.def Info: images/osc-phase2.png  used on input line 223.
(pdftex.def)             Requested size: 247.6778pt x 135.97658pt.
<images/osc-phase-calc.png, id=33, 620.3175pt x 162.6075pt>
File: images/osc-phase-calc.png Graphic file (type png)
<use images/osc-phase-calc.png>
Package pdftex.def Info: images/osc-phase-calc.png  used on input line 229.
(pdftex.def)             Requested size: 412.80157pt x 108.20953pt.

Overfull \hbox (160.80157pt too wide) in paragraph at lines 227--232
 [][] 
 []

<images/osc-fft.png, id=34, 1425.325pt x 808.01875pt>
File: images/osc-fft.png Graphic file (type png)
<use images/osc-fft.png>
Package pdftex.def Info: images/osc-fft.png  used on input line 238.
(pdftex.def)             Requested size: 252.0pt x 142.84793pt.
<images/calculated_graph.png, id=35, 1031.855pt x 798.985pt>
File: images/calculated_graph.png Graphic file (type png)
<use images/calculated_graph.png>
Package pdftex.def Info: images/calculated_graph.png  used on input line 250.
(pdftex.def)             Requested size: 252.0pt x 195.12517pt.




[3 <./images/osc_ltspice.png> <./images/osc-outputs1.png> <./images/osc-phase1.png> <./images/osc-phase2.png> <./images/osc-phase-calc.png> <./images/osc-fft.png>]
LaTeX Font Info:    Trying to load font information for OT1+pcr on input line 267.
 (/Users/bhargav_vemparala/Library/Application Support/MiKTeX/texmfs/install/tex/latex/psnfss/ot1pcr.fd
File: ot1pcr.fd 2001/06/04 font definitions for OT1/pcr.
)

<images/oscillator-output-sin-cos.png, id=45, 803.0pt x 504.88625pt>
File: images/oscillator-output-sin-cos.png Graphic file (type png)
<use images/oscillator-output-sin-cos.png>
Package pdftex.def Info: images/oscillator-output-sin-cos.png  used on input line 287.
(pdftex.def)             Requested size: 252.0pt x 158.4468pt.
<images/oscillator-ouput-sin-cos-fft.png, id=46, 803.0pt x 504.88625pt>
File: images/oscillator-ouput-sin-cos-fft.png Graphic file (type png)
<use images/oscillator-ouput-sin-cos-fft.png>
Package pdftex.def Info: images/oscillator-ouput-sin-cos-fft.png  used on input line 294.
(pdftex.def)             Requested size: 252.0pt x 158.4468pt.

Underfull \vbox (badness 3058) has occurred while \output is active []



[4 <./images/calculated_graph.png> <./images/oscillator-output-sin-cos.png>]


Overfull \hbox (17.25858pt too wide) detected at line 353
[] \OT1/cmr/m/n/10 = [] = [] \OMS/cmsy/m/n/10 ^^Y \OT1/cmr/m/n/10 111\OML/cmm/m/it/10 :\OT1/cmr/m/n/10 1
 []


Overfull \hbox (22.59pt too wide) in paragraph at lines 380--391
 [][] 
 []



[5 <./images/oscillator-ouput-sin-cos-fft.png>]
<images/Mixer_circ.png, id=61, 661.47125pt x 753.81625pt>
File: images/Mixer_circ.png Graphic file (type png)
<use images/Mixer_circ.png>
Package pdftex.def Info: images/Mixer_circ.png  used on input line 398.
(pdftex.def)             Requested size: 201.60077pt x 229.73534pt.


<images/165k-t.png, id=62, 1473.505pt x 808.01875pt>
File: images/165k-t.png Graphic file (type png)
<use images/165k-t.png>
Package pdftex.def Info: images/165k-t.png  used on input line 464.
(pdftex.def)             Requested size: 252.0pt x 138.18744pt.
<images/165k-fft.png, id=63, 1426.32875pt x 808.01875pt>
File: images/165k-fft.png Graphic file (type png)
<use images/165k-fft.png>
Package pdftex.def Info: images/165k-fft.png  used on input line 470.
(pdftex.def)             Requested size: 252.0pt x 142.7493pt.
<images/168k-t.png, id=64, 1471.4975pt x 809.0225pt>
File: images/168k-t.png Graphic file (type png)
<use images/168k-t.png>
Package pdftex.def Info: images/168k-t.png  used on input line 479.
(pdftex.def)             Requested size: 252.0pt x 138.54427pt.
<images/168k-fft.png, id=65, 1431.3475pt x 812.03375pt>
File: images/168k-fft.png Graphic file (type png)
<use images/168k-fft.png>
Package pdftex.def Info: images/168k-fft.png  used on input line 485.
(pdftex.def)             Requested size: 252.0pt x 142.96298pt.
<images/169k-t.png, id=66, 1471.4975pt x 807.015pt>
File: images/169k-t.png Graphic file (type png)
<use images/169k-t.png>
Package pdftex.def Info: images/169k-t.png  used on input line 494.
(pdftex.def)             Requested size: 252.0pt x 138.20049pt.
<images/169k-fft.png, id=67, 1422.31375pt x 812.03375pt>
File: images/169k-fft.png Graphic file (type png)
<use images/169k-fft.png>
Package pdftex.def Info: images/169k-fft.png  used on input line 500.
(pdftex.def)             Requested size: 252.0pt x 143.8675pt.
<images/171k-t.png, id=68, 1473.505pt x 809.0225pt>
File: images/171k-t.png Graphic file (type png)
<use images/171k-t.png>
Package pdftex.def Info: images/171k-t.png  used on input line 510.
(pdftex.def)             Requested size: 252.0pt x 138.3591pt.
<images/171k-fft.png, id=69, 1423.3175pt x 808.01875pt>
File: images/171k-fft.png Graphic file (type png)
<use images/171k-fft.png>
Package pdftex.def Info: images/171k-fft.png  used on input line 516.
(pdftex.def)             Requested size: 252.0pt x 143.05753pt.
<images/172k-t.png, id=70, 1472.50125pt x 809.0225pt>
File: images/172k-t.png Graphic file (type png)
<use images/172k-t.png>
Package pdftex.def Info: images/172k-t.png  used on input line 525.
(pdftex.def)             Requested size: 252.0pt x 138.44551pt.
<images/172k-fft.png, id=71, 1422.31375pt x 810.02625pt>
File: images/172k-fft.png Graphic file (type png)
<use images/172k-fft.png>
Package pdftex.def Info: images/172k-fft.png  used on input line 531.
(pdftex.def)             Requested size: 252.0pt x 143.51183pt.
<images/175k-t.png, id=72, 1472.50125pt x 809.0225pt>
File: images/175k-t.png Graphic file (type png)
<use images/175k-t.png>
Package pdftex.def Info: images/175k-t.png  used on input line 540.
(pdftex.def)             Requested size: 252.0pt x 138.44551pt.
<images/175k-fft.png, id=73, 1420.30624pt x 809.0225pt>
File: images/175k-fft.png Graphic file (type png)
<use images/175k-fft.png>
Package pdftex.def Info: images/175k-fft.png  used on input line 546.
(pdftex.def)             Requested size: 252.0pt x 143.53151pt.


[6 <./images/Mixer_circ.png>]



[7 <./images/165k-t.png> <./images/165k-fft.png> <./images/168k-t.png> <./images/168k-fft.png>]
<images/mixer/WhatsApp Image 2026-04-17 at 21.17.00.jpeg, id=89, 4047.12pt x 3035.34pt>
File: images/mixer/WhatsApp Image 2026-04-17 at 21.17.00.jpeg Graphic file (type jpg)
<use images/mixer/WhatsApp Image 2026-04-17 at 21.17.00.jpeg>
Package pdftex.def Info: images/mixer/WhatsApp Image 2026-04-17 at 21.17.00.jpeg  used on input line 569.
(pdftex.def)             Requested size: 252.0pt x 188.96724pt.
<images/mixer/WhatsApp Image 2026-04-17 at 21.14.02.jpeg, id=90, 4047.12pt x 3035.34pt>
File: images/mixer/WhatsApp Image 2026-04-17 at 21.14.02.jpeg Graphic file (type jpg)
<use images/mixer/WhatsApp Image 2026-04-17 at 21.14.02.jpeg>
Package pdftex.def Info: images/mixer/WhatsApp Image 2026-04-17 at 21.14.02.jpeg  used on input line 577.
(pdftex.def)             Requested size: 252.0pt x 188.96724pt.
<images/mixer/WhatsApp Image 2026-04-17 at 21.14.04 (1).jpeg, id=91, 4047.12pt x 3035.34pt>
File: images/mixer/WhatsApp Image 2026-04-17 at 21.14.04 (1).jpeg Graphic file (type jpg)
<use images/mixer/WhatsApp Image 2026-04-17 at 21.14.04 (1).jpeg>
Package pdftex.def Info: images/mixer/WhatsApp Image 2026-04-17 at 21.14.04 (1).jpeg  used on input line 584.
(pdftex.def)             Requested size: 252.0pt x 188.96724pt.
<images/mixer-img1.png, id=92, 803.0pt x 504.88625pt>
File: images/mixer-img1.png Graphic file (type png)
<use images/mixer-img1.png>
Package pdftex.def Info: images/mixer-img1.png  used on input line 595.
(pdftex.def)             Requested size: 252.0pt x 158.4468pt.
<images/mixer-img2.png, id=93, 803.0pt x 504.88625pt>
File: images/mixer-img2.png Graphic file (type png)
<use images/mixer-img2.png>
Package pdftex.def Info: images/mixer-img2.png  used on input line 602.
(pdftex.def)             Requested size: 252.0pt x 158.4468pt.
<images/lowpass.png, id=94, 308.15125pt x 196.735pt>
File: images/lowpass.png Graphic file (type png)
<use images/lowpass.png>
Package pdftex.def Info: images/lowpass.png  used on input line 617.
(pdftex.def)             Requested size: 151.20154pt x 96.53307pt.

Underfull \vbox (badness 3088) has occurred while \output is active []




Overfull \hbox (12.77338pt too wide) detected at line 634
\OML/cmm/m/it/10 f[] \OT1/cmr/m/n/10 = [] = [] \OMS/cmsy/m/n/10 ^^Y \OT1/cmr/m/n/10 3386\OML/cmm/m/it/10 :\OT1/cmr/m/n/10 3[] \OMS/cmsy/m/n/10 ^^Y \OT1/cmr/m/n/10 3\OML/cmm/m/it/10 :\OT1/cmr/m/n/10 39[]
 []



[8 <./images/169k-t.png> <./images/169k-fft.png> <./images/171k-t.png> <./images/171k-fft.png>]
<images/LPF1-transient.png, id=102, 1472.50125pt x 809.0225pt>
File: images/LPF1-transient.png Graphic file (type png)
<use images/LPF1-transient.png>
Package pdftex.def Info: images/LPF1-transient.png  used on input line 648.
(pdftex.def)             Requested size: 252.0pt x 138.44551pt.
<images/LPF1-FFT.png, id=103, 1473.505pt x 809.0225pt>
File: images/LPF1-FFT.png Graphic file (type png)
<use images/LPF1-FFT.png>
Package pdftex.def Info: images/LPF1-FFT.png  used on input line 655.
(pdftex.def)             Requested size: 252.0pt x 138.3591pt.
<images/lpf1k.png, id=104, 803.0pt x 504.88625pt>
File: images/lpf1k.png Graphic file (type png)
<use images/lpf1k.png>
Package pdftex.def Info: images/lpf1k.png  used on input line 671.
(pdftex.def)             Requested size: 252.0pt x 158.4468pt.
<images/lpf10k.png, id=105, 803.0pt x 504.88625pt>
File: images/lpf10k.png Graphic file (type png)
<use images/lpf10k.png>
Package pdftex.def Info: images/lpf10k.png  used on input line 678.
(pdftex.def)             Requested size: 252.0pt x 158.4468pt.
<images/frequency-response-2.png, id=106, 803.0pt x 504.88625pt>
File: images/frequency-response-2.png Graphic file (type png)
<use images/frequency-response-2.png>
Package pdftex.def Info: images/frequency-response-2.png  used on input line 685.
(pdftex.def)             Requested size: 252.0pt x 158.4468pt.




[9 <./images/172k-t.png> <./images/172k-fft.png> <./images/175k-t.png> <./images/175k-fft.png> <./images/mixer/WhatsApp Image 2026-04-17 at 21.17.00.jpeg>]
<images/mixer+1lpf.png, id=114, 1469.49pt x 807.015pt>
File: images/mixer+1lpf.png Graphic file (type png)
<use images/mixer+1lpf.png>
Package pdftex.def Info: images/mixer+1lpf.png  used on input line 703.
(pdftex.def)             Requested size: 252.0pt x 138.3852pt.



Overfull \hbox (21.24983pt too wide) detected at line 714
\OML/cmm/m/it/10 f[] \OMS/cmsy/m/n/10 ^^Y \OML/cmm/m/it/10 f[] \OMS/cmsy/m/n/10 ^^B [] ^^Y \OT1/cmr/m/n/10 7\OML/cmm/m/it/10 :\OT1/cmr/m/n/10 23[] \OMS/cmsy/m/n/10 ^^B \OT1/cmr/m/n/10 0\OML/cmm/m/it/10 :\OT1/cmr/m/n/10 6436 \OMS/cmsy/m/n/10 ^^Y \OT1/cmr/m/n/10 4\OML/cmm/m/it/10 :\OT1/cmr/m/n/10 65[]
 []



[10 <./images/mixer/WhatsApp Image 2026-04-17 at 21.14.02.jpeg> <./images/mixer/WhatsApp Image 2026-04-17 at 21.14.04 (1).jpeg> <./images/mixer-img1.png> <./images/mixer-img2.png> <./images/lowpass.png>]
<images/mixer+2lpf.png, id=121, 1473.505pt x 809.0225pt>
File: images/mixer+2lpf.png Graphic file (type png)
<use images/mixer+2lpf.png>
Package pdftex.def Info: images/mixer+2lpf.png  used on input line 720.
(pdftex.def)             Requested size: 252.0pt x 138.3591pt.
<images/low-pass-output.png, id=122, 803.0pt x 504.88625pt>
File: images/low-pass-output.png Graphic file (type png)
<use images/low-pass-output.png>
Package pdftex.def Info: images/low-pass-output.png  used on input line 731.
(pdftex.def)             Requested size: 252.0pt x 158.4468pt.
<images/low-pass-output-img2.png, id=123, 803.0pt x 504.88625pt>
File: images/low-pass-output-img2.png Graphic file (type png)
<use images/low-pass-output-img2.png>
Package pdftex.def Info: images/low-pass-output-img2.png  used on input line 738.
(pdftex.def)             Requested size: 252.0pt x 158.4468pt.




[11 <./images/LPF1-transient.png> <./images/LPF1-FFT.png> <./images/lpf1k.png> <./images/lpf10k.png> <./images/frequency-response-2.png>]

<images/amplifier.png, id=132, 882.29625pt x 713.66624pt>
File: images/amplifier.png Graphic file (type png)
<use images/amplifier.png>
Package pdftex.def Info: images/amplifier.png  used on input line 777.
(pdftex.def)             Requested size: 252.0pt x 203.83257pt.
<images/LPF+amp.png, id=133, 1472.50125pt x 806.01125pt>
File: images/LPF+amp.png Graphic file (type png)
<use images/LPF+amp.png>
Package pdftex.def Info: images/LPF+amp.png  used on input line 784.
(pdftex.def)             Requested size: 252.0pt x 137.9302pt.
<images/5-final_circ.png, id=134, 1468.48625pt x 611.28375pt>
File: images/5-final_circ.png Graphic file (type png)
<use images/5-final_circ.png>
Package pdftex.def Info: images/5-final_circ.png  used on input line 797.
(pdftex.def)             Requested size: 252.0pt x 104.89624pt.


[12 <./images/mixer+1lpf.png> <./images/mixer+2lpf.png> <./images/low-pass-output.png> <./images/low-pass-output-img2.png>]

<images/5-If-If-final.png, id=142, 1474.50874pt x 812.03375pt>
File: images/5-If-If-final.png Graphic file (type png)
<use images/5-If-If-final.png>
Package pdftex.def Info: images/5-If-If-final.png  used on input line 808.
(pdftex.def)             Requested size: 252.0pt x 138.77495pt.
<images/5-iq-fft.png, id=143, 1444.39626pt x 811.03pt>
File: images/5-iq-fft.png Graphic file (type png)
<use images/5-iq-fft.png>
Package pdftex.def Info: images/5-iq-fft.png  used on input line 815.
(pdftex.def)             Requested size: 252.0pt x 141.48686pt.
<images/5-Vif.jpeg, id=144, 1606.0pt x 903.375pt>
File: images/5-Vif.jpeg Graphic file (type jpg)
<use images/5-Vif.jpeg>
Package pdftex.def Info: images/5-Vif.jpeg  used on input line 831.
(pdftex.def)             Requested size: 252.0pt x 141.74472pt.
<images/5-vif+170.jpeg, id=145, 1606.0pt x 903.375pt>
File: images/5-vif+170.jpeg Graphic file (type jpg)
<use images/5-vif+170.jpeg>
Package pdftex.def Info: images/5-vif+170.jpeg  used on input line 838.
(pdftex.def)             Requested size: 252.0pt x 141.74472pt.
<images/5-final_cos.png, id=146, 1606.0pt x 1073.00874pt>
File: images/5-final_cos.png Graphic file (type png)
<use images/5-final_cos.png>
Package pdftex.def Info: images/5-final_cos.png  used on input line 849.
(pdftex.def)             Requested size: 252.0pt x 168.36122pt.
<images/5-final_sine.png, id=147, 1606.0pt x 903.375pt>
File: images/5-final_sine.png Graphic file (type png)
<use images/5-final_sine.png>
Package pdftex.def Info: images/5-final_sine.png  used on input line 856.
(pdftex.def)             Requested size: 252.0pt x 141.74472pt.
<images/5-phase-diff-iq1.png, id=148, 1473.505pt x 811.03pt>
File: images/5-phase-diff-iq1.png Graphic file (type png)
<use images/5-phase-diff-iq1.png>
Package pdftex.def Info: images/5-phase-diff-iq1.png  used on input line 867.
(pdftex.def)             Requested size: 252.0pt x 138.70241pt.
<images/5-phase-diff-iq2.png, id=149, 1471.4975pt x 813.0375pt>
File: images/5-phase-diff-iq2.png Graphic file (type png)
<use images/5-phase-diff-iq2.png>
Package pdftex.def Info: images/5-phase-diff-iq2.png  used on input line 874.
(pdftex.def)             Requested size: 252.0pt x 139.23183pt.

Underfull \vbox (badness 10000) has occurred while \output is active []



[13 <./images/amplifier.png> <./images/LPF+amp.png> <./images/5-final_circ.png> <./images/5-If-If-final.png> <./images/5-iq-fft.png>]
Overfull \vbox (39.49567pt too high) has occurred while \output is active []



<images/mixer-ouput-both-inphase-and-quadrature-phase.png, id=159, 803.0pt x 504.88625pt>
File: images/mixer-ouput-both-inphase-and-quadrature-phase.png Graphic file (type png)
<use images/mixer-ouput-both-inphase-and-quadrature-phase.png>
Package pdftex.def Info: images/mixer-ouput-both-inphase-and-quadrature-phase.png  used on input line 884.
(pdftex.def)             Requested size: 252.0pt x 158.4468pt.


[14 <./images/5-Vif.jpeg> <./images/5-vif+170.jpeg> <./images/5-phase-diff-iq1.png> <./images/5-phase-diff-iq2.png> <./images/5-final_cos.png> <./images/5-final_sine.png> <./images/mixer-ouput-both-inphase-and-quadrature-phase.png>]

** Conference Paper **
Before submitting the final camera ready copy, remember to:

 1. Manually equalize the lengths of two columns on the last page
 of your paper;

 2. Ensure that any PostScript and/or PDF output post-processing
 uses only Type 1 fonts and that every step in the generation
 process uses the appropriate paper size.





[15

] (main.aux)
 ***********
LaTeX2e <2025-11-01>
L3 programming layer <2026-03-20>
 ***********
 ) 
Here is how much of TeX's memory you used:
 35094 strings out of 467694
 905869 string characters out of 5400582
 1556483 words of memory out of 5000000
 63811 multiletter control sequences out of 15000+600000
 675364 words of font info for 129 fonts, out of 8000000 for 9000
 1141 hyphenation exceptions out of 8191
 99i,15n,108p,843b,494s stack positions out of 10000i,1000n,20000p,200000b,200000s
{/Users/bhargav_vemparala/Library/Application Support/MiKTeX/texmfs/install/fonts/enc/dvips/base/8r.enc}</Users/bhargav_vemparala/Library/Application Support/MiKTeX/texmfs/install/fonts/type1/public/amsfonts/cm/cmex10.pfb></Users/bhargav_vemparala/Library/Application Support/MiKTeX/texmfs/install/fonts/type1/public/amsfonts/cm/cmmi10.pfb></Users/bhargav_vemparala/Library/Application Support/MiKTeX/texmfs/install/fonts/type1/public/amsfonts/cm/cmmi5.pfb></Users/bhargav_vemparala/Library/Application Support/MiKTeX/texmfs/install/fonts/type1/public/amsfonts/cm/cmmi6.pfb></Users/bhargav_vemparala/Library/Application Support/MiKTeX/texmfs/install/fonts/type1/public/amsfonts/cm/cmmi7.pfb></Users/bhargav_vemparala/Library/Application Support/MiKTeX/texmfs/install/fonts/type1/public/amsfonts/cm/cmmi8.pfb></Users/bhargav_vemparala/Library/Application Support/MiKTeX/texmfs/install/fonts/type1/public/amsfonts/cm/cmmi9.pfb></Users/bhargav_vemparala/Library/Application Support/MiKTeX/texmfs/install/fonts/type1/public/amsfonts/cm/cmr10.pfb></Users/bhargav_vemparala/Library/Application Support/MiKTeX/texmfs/install/fonts/type1/public/amsfonts/cm/cmr5.pfb></Users/bhargav_vemparala/Library/Application Support/MiKTeX/texmfs/install/fonts/type1/public/amsfonts/cm/cmr6.pfb></Users/bhargav_vemparala/Library/Application Support/MiKTeX/texmfs/install/fonts/type1/public/amsfonts/cm/cmr7.pfb></Users/bhargav_vemparala/Library/Application Support/MiKTeX/texmfs/install/fonts/type1/public/amsfonts/cm/cmr8.pfb></Users/bhargav_vemparala/Library/Application Support/MiKTeX/texmfs/install/fonts/type1/public/amsfonts/cm/cmr9.pfb></Users/bhargav_vemparala/Library/Application Support/MiKTeX/texmfs/install/fonts/type1/public/amsfonts/cm/cmsy10.pfb></Users/bhargav_vemparala/Library/Application Support/MiKTeX/texmfs/install/fonts/type1/public/amsfonts/cm/cmsy5.pfb></Users/bhargav_vemparala/Library/Application Support/MiKTeX/texmfs/install/fonts/type1/public/amsfonts/cm/cmsy6.pfb></Users/bhargav_vemparala/Library/Application Support/MiKTeX/texmfs/install/fonts/type1/public/amsfonts/cm/cmsy7.pfb></Users/bhargav_vemparala/Library/Application Support/MiKTeX/texmfs/install/fonts/type1/public/amsfonts/cm/cmsy8.pfb></Users/bhargav_vemparala/Library/Application Support/MiKTeX/texmfs/install/fonts/type1/urw/courier/ucrr8a.pfb></Users/bhargav_vemparala/Library/Application Support/MiKTeX/texmfs/install/fonts/type1/urw/times/utmb8a.pfb></Users/bhargav_vemparala/Library/Application Support/MiKTeX/texmfs/install/fonts/type1/urw/times/utmbi8a.pfb></Users/bhargav_vemparala/Library/Application Support/MiKTeX/texmfs/install/fonts/type1/urw/times/utmr8a.pfb></Users/bhargav_vemparala/Library/Application Support/MiKTeX/texmfs/install/fonts/type1/urw/times/utmri8a.pfb>
Output written on main.pdf (15 pages, 9415881 bytes).
PDF statistics:
 264 PDF objects out of 1000 (max. 8388607)
 0 named destinations out of 1000 (max. 500000)
 263 words of extra memory for PDF output out of 10000 (max. 10000000)

