This is pdfTeX, Version 3.141592653-2.6-1.40.24 (MiKTeX 22.1) (preloaded format=pdflatex 2026.4.16)  7 MAY 2026 04:33
entering extended mode
 restricted \write18 enabled.
 file:line:error style messages enabled.
 %&-line parsing enabled.
**"/Users/bhargav_vemparala/Documents/Analog Circuits/Course_project/ref/report.tex"
(/Users/bhargav_vemparala/Documents/Analog Circuits/Course_project/ref/report.tex
LaTeX2e <2025-11-01>
L3 programming layer <2026-03-20>
)
! Emergency stop.
<*> ...log Circuits/Course_project/ref/report.tex"
                                                  
*** (job aborted, no legal \end found)

 
Here is how much of TeX's memory you used:
 16 strings out of 467694
 508 string characters out of 5400582
 434951 words of memory out of 5000000
 29174 multiletter control sequences out of 15000+600000
 627721 words of font info for 40 fonts, out of 8000000 for 9000
 1141 hyphenation exceptions out of 8191
 12i,0n,13p,114b,8s stack positions out of 10000i,1000n,20000p,200000b,200000s
!  ==> Fatal error occurred, no output PDF file produced!
